<resources>
    <string name="app_name">app_name</string>
    <string name="resource_id">resource_id</string>
    <string name="resource_id">"some text with newline \n and trailing space "</string>
</resources>
