<resources>
    <string name="app_name">app_name</string>
    <string name="resource_id">resource_id</string>
    <string name="some_text">some text</string>
</resources>
